03:08:58 - pybit._http_manager - DEBUG - Initializing HTTP session.
03:08:58 - pybit._http_manager - DEBUG - Initializing HTTP session.
03:08:58 - pybit._http_manager - DEBUG - Initializing HTTP session.
03:08:58 - urllib3.connectionpool - DEBUG - Starting new HTTPS connection (1): api.bybit.com:443
03:08:59 - urllib3.connectionpool - DEBUG - https://api.bybit.com:443 "GET /v5/order/history?category=spot&limit=5&symbol=XLMUSDT HTTP/1.1" 200 123
03:08:59 - urllib3.connectionpool - DEBUG - Starting new HTTPS connection (1): api.bybit.com:443
03:08:59 - urllib3.connectionpool - DEBUG - https://api.bybit.com:443 "GET /v5/market/instruments-info?category=spot&symbol=XLMUSDT HTTP/1.1" 200 498
